\BOOKMARK [1][-]{section.1}{\376\377\000I\000n\000t\000r\000o\000d\000u\000c\000c\000i\000o\000n}{}% 1
\BOOKMARK [1][-]{section.2}{\376\377\000A\000l\000g\000o\000r\000i\000t\000m\000o\000s\000\040\000i\000m\000p\000l\000e\000m\000e\000n\000t\000a\000d\000o\000s}{}% 2
\BOOKMARK [2][-]{subsection.2.1}{\376\377\000G\000R\000A\000S\000P}{section.2}% 3
\BOOKMARK [2][-]{subsection.2.2}{\376\377\000B\000u\000s\000q\000u\000e\000d\000a\000\040\000T\000a\000b\000u}{section.2}% 4
\BOOKMARK [2][-]{subsection.2.3}{\376\377\000G\000R\000A\000S\000P\000\040\000c\000o\000n\000\040\000B\000u\000s\000q\000u\000e\000d\000a\000\040\000T\000a\000b\000u}{section.2}% 5
\BOOKMARK [1][-]{section.3}{\376\377\000D\000e\000c\000i\000s\000i\000o\000n\000e\000s\000\040\000d\000e\000\040\000i\000m\000p\000l\000e\000m\000e\000n\000t\000a\000c\000i\000o\000n}{}% 6
\BOOKMARK [2][-]{subsection.3.1}{\376\377\000R\000e\000p\000r\000e\000s\000e\000n\000t\000a\000c\000i\000o\000n\000\040\000d\000e\000\040\000s\000o\000l\000u\000c\000i\000o\000n\000e\000s}{section.3}% 7
\BOOKMARK [2][-]{subsection.3.2}{\376\377\000C\000o\000n\000t\000r\000o\000l\000\040\000d\000e\000\040\000t\000i\000e\000m\000p\000o}{section.3}% 8
\BOOKMARK [2][-]{subsection.3.3}{\376\377\000T\000e\000l\000e\000m\000e\000t\000r\000i\000a\000\040\000d\000e\000\040\000c\000o\000n\000v\000e\000r\000g\000e\000n\000c\000i\000a}{section.3}% 9
\BOOKMARK [1][-]{section.4}{\376\377\000D\000i\000f\000i\000c\000u\000l\000t\000a\000d\000e\000s\000\040\000e\000n\000c\000o\000n\000t\000r\000a\000d\000a\000s}{}% 10
\BOOKMARK [1][-]{section.5}{\376\377\000D\000i\000s\000e\000n\000o\000\040\000e\000x\000p\000e\000r\000i\000m\000e\000n\000t\000a\000l}{}% 11
\BOOKMARK [2][-]{subsection.5.1}{\376\377\000F\000a\000s\000e\000s}{section.5}% 12
\BOOKMARK [2][-]{subsection.5.2}{\376\377\000P\000a\000r\000a\000m\000e\000t\000r\000o\000s\000\040\000c\000a\000l\000i\000b\000r\000a\000d\000o\000s}{section.5}% 13
\BOOKMARK [1][-]{section.6}{\376\377\000R\000e\000s\000u\000l\000t\000a\000d\000o\000s}{}% 14
\BOOKMARK [2][-]{subsection.6.1}{\376\377\000I\000n\000s\000t\000a\000n\000c\000i\000a\000s\000\040\000p\000e\000q\000u\000e\000n\000a\000s}{section.6}% 15
\BOOKMARK [2][-]{subsection.6.2}{\376\377\000I\000n\000s\000t\000a\000n\000c\000i\000a\000s\000\040\000g\000r\000a\000n\000d\000e\000s}{section.6}% 16
\BOOKMARK [2][-]{subsection.6.3}{\376\377\000R\000e\000s\000u\000m\000e\000n\000\040\000a\000g\000r\000e\000g\000a\000d\000o}{section.6}% 17
\BOOKMARK [1][-]{section.7}{\376\377\000A\000n\000a\000l\000i\000s\000i\000s\000\040\000v\000i\000s\000u\000a\000l\000\040\000s\000o\000l\000i\000c\000i\000t\000a\000d\000o}{}% 18
\BOOKMARK [2][-]{subsection.7.1}{\376\377\000E\000v\000o\000l\000u\000c\000i\000o\000n\000\040\000i\000n\000t\000e\000r\000n\000a\000\040\000d\000e\000\040\000B\000u\000s\000q\000u\000e\000d\000a\000\040\000T\000a\000b\000u}{section.7}% 19
\BOOKMARK [2][-]{subsection.7.2}{\376\377\000E\000f\000e\000c\000t\000o\000\040\000d\000e\000\040\000a\000m\000p\000l\000i\000a\000r\000\040\000e\000l\000\040\000t\000i\000e\000m\000p\000o}{section.7}% 20
\BOOKMARK [1][-]{section.8}{\376\377\000D\000i\000s\000c\000u\000s\000i\000o\000n}{}% 21
\BOOKMARK [1][-]{section.9}{\376\377\000L\000i\000m\000i\000t\000a\000c\000i\000o\000n\000e\000s}{}% 22
\BOOKMARK [1][-]{section.10}{\376\377\000C\000o\000n\000c\000l\000u\000s\000i\000o\000n\000e\000s}{}% 23
\BOOKMARK [1][-]{appendix.A}{\376\377\000F\000i\000c\000h\000e\000r\000o\000s\000\040\000r\000e\000p\000r\000o\000d\000u\000c\000i\000b\000l\000e\000s}{}% 24
